cargo :     Blocking waiting for file lock on package cache
En línea: 1 Carácter: 31
+ ... on\xavier2; cargo build --release --workspace --features ci-safe --ex ...
+                 ~~~~~~~~~~~~~~~~~~~~~~~~~~~~~~~~~~~~~~~~~~~~~~~~~~~~~~~~~
    + CategoryInfo          : NotSpecified: (    Blocking wa...n package cache:String) [], RemoteException
    + FullyQualifiedErrorId : NativeCommandError
 
    Blocking waiting for file lock on package cache
    Blocking waiting for file lock on package cache
   Compiling serde_derive v1.0.228
   Compiling zerocopy v0.8.42
   Compiling futures-util v0.3.32
   Compiling zerovec v0.11.5
   Compiling zerotrie v0.2.3
   Compiling aws-lc-sys v0.39.1
   Compiling icu_properties_data v2.1.2
   Compiling heapless v0.8.0
   Compiling rayon-core v1.13.0
   Compiling serde_json v1.0.149
   Compiling hash32 v0.3.1
   Compiling inout v0.1.4
   Compiling aho-corasick v1.1.4
   Compiling ahash v0.8.12
   Compiling thiserror v2.0.18
   Compiling regex-syntax v0.8.10
   Compiling tinystr v0.8.2
   Compiling potential_utf v0.1.4
   Compiling icu_collections v2.1.1
   Compiling rayon v1.11.0
   Compiling cipher v0.4.4
   Compiling icu_locale_core v2.1.1
   Compiling phf_shared v0.11.3
   Compiling anyhow v1.0.102
   Compiling rustls-pki-types v1.14.0
   Compiling i_float v1.15.0
   Compiling thiserror-impl v2.0.18
   Compiling new_debug_unreachable v1.0.6
   Compiling getrandom v0.4.2
   Compiling regex-automata v0.4.14
   Compiling utf8_iter v1.0.4
   Compiling serde v1.0.228
   Compiling winapi v0.3.9
   Compiling either v1.15.0
   Compiling untrusted v0.7.1
   Compiling i_shape v1.14.0
   Compiling itertools v0.14.0
   Compiling bytes v1.11.1
   Compiling serde_urlencoded v0.7.1
   Compiling icu_provider v2.1.1
   Compiling rstar v0.12.2
   Compiling http v1.4.0
   Compiling tokio v1.50.0
   Compiling ppv-lite86 v0.2.21
   Compiling icu_normalizer v2.1.1
   Compiling icu_properties v2.1.2
   Compiling windows-strings v0.4.2
   Compiling windows-result v0.3.4
   Compiling idna_adapter v1.2.1
   Compiling phf_macros v0.11.3
   Compiling http-body v1.0.1
   Compiling idna v1.1.0
   Compiling string_cache_codegen v0.5.4
   Compiling phf_codegen v0.11.3
   Compiling rand_core v0.9.5
   Compiling itertools v0.11.0
   Compiling http-body-util v0.1.3
   Compiling num-integer v0.1.46
   Compiling approx v0.5.1
   Compiling axum-core v0.5.6
   Compiling windows-interface v0.59.3
   Compiling windows-implement v0.60.2
   Compiling serde_path_to_error v0.1.20
   Compiling i_key_sort v0.6.0
   Compiling utf-8 v0.7.6
   Compiling equivalent v1.0.2
   Compiling winnow v1.0.0
   Compiling memchr v2.8.0
   Compiling matchit v0.8.4
   Compiling hashbrown v0.16.1
   Compiling robust v1.2.0
   Compiling i_tree v0.16.0
   Compiling earcutr v0.4.3
   Compiling spade v2.15.1
   Compiling indexmap v2.13.0
   Compiling windows-core v0.61.2
   Compiling web_atoms v0.1.3
   Compiling phf v0.11.3
   Compiling geo-types v0.7.18
   Compiling i_overlay v4.0.7
   Compiling rand_chacha v0.9.0
   Compiling toml_parser v1.0.10+spec-1.1.0
   Compiling url v2.5.8
   Compiling prost-derive v0.14.3
   Compiling rand_chacha v0.3.1
   Compiling chrono v0.4.44
   Compiling tree-sitter-language v0.1.7
   Compiling geographiclib-rs v0.2.7
   Compiling pin-project-internal v1.1.11
   Compiling async-trait v0.1.89
   Compiling precomputed-hash v0.1.1
   Compiling mac v0.1.1
   Compiling rustversion v1.0.22
   Compiling float_next_after v1.0.0
   Compiling rust_decimal v1.41.0
   Compiling toml_datetime v1.0.1+spec-1.1.0
   Compiling arrayvec v0.7.6
   Compiling toml_edit v0.25.5+spec-1.1.0
   Compiling prost v0.14.3
   Compiling futf v0.1.5
   Compiling string_cache v0.8.9
   Compiling pin-project v1.1.11
   Compiling uuid v1.22.0
   Compiling rand v0.8.5
   Compiling rand v0.9.2
   Compiling tokio-util v0.7.18
   Compiling tokio-stream v0.1.18
   Compiling regex v1.12.3
   Compiling hashbrown v0.14.5
   Compiling flatbuffers v25.12.19
   Compiling h2 v0.4.13
   Compiling tower v0.5.3
   Compiling rstest_macros v0.26.1
   Compiling matrixmultiply v0.3.10
   Compiling winapi-util v0.1.11
   Compiling powerfmt v0.2.0
   Compiling rustls v0.23.37
   Compiling num-conv v0.2.1
   Compiling heck v0.5.0
   Compiling unicase v2.9.0
   Compiling time-core v0.1.8
   Compiling base64ct v1.8.3
   Compiling untrusted v0.9.0
   Compiling deranged v0.5.8
   Compiling time-macros v0.2.27
   Compiling phf_shared v0.13.1
   Compiling password-hash v0.5.0
   Compiling same-file v1.0.6
   Compiling proc-macro-crate v3.5.0
   Compiling tendril v0.4.3
   Compiling futures-executor v0.3.32
   Compiling windows-threading v0.1.0
   Compiling sha1 v0.10.6
   Compiling concurrent-queue v2.5.0
   Compiling itertools v0.13.0
   Compiling thread_local v1.1.9
   Compiling native-tls v0.2.18
   Compiling fastrand v2.3.0
   Compiling strsim v0.11.1
   Compiling parking v2.2.1
   Compiling utf8parse v0.2.2
   Compiling glob v0.3.3
   Compiling dtoa v1.0.11
   Compiling pkg-config v0.3.32
   Compiling ntapi v0.4.3
   Compiling sif-itree v0.4.1
   Compiling once_cell_polyfill v1.70.2
   Compiling anstyle v1.0.14
   Compiling relative-path v1.9.3
   Compiling ident_case v1.0.1
   Compiling vcpkg v0.2.15
   Compiling rawpointer v0.2.1
   Compiling darling_core v0.23.0
   Compiling hyper v1.8.1
   Compiling time v0.3.47
   Compiling anstyle-wincon v3.0.11
   Compiling geo v0.32.0
   Compiling dtoa-short v0.3.5
   Compiling event-listener v5.4.1
   Compiling anstyle-parse v1.0.0
   Compiling phf_generator v0.13.1
   Compiling windows-future v0.2.1
   Compiling libsqlite3-sys v0.30.1
   Compiling futures v0.3.32
   Compiling markup5ever v0.35.0
   Compiling walkdir v2.5.0
   Compiling prost-types v0.14.3
   Compiling windows-numerics v0.2.0
   Compiling windows-collections v0.2.0
   Compiling num-bigint v0.4.6
   Compiling hyper-util v0.1.20
   Compiling half v2.7.1
   Compiling hmac v0.12.1
   Compiling sha2 v0.10.9
   Compiling seize v0.5.1
   Compiling num-complex v0.4.6
   Compiling blake3 v1.8.3
   Compiling match_token v0.35.0
   Compiling cssparser-macros v0.6.1
   Compiling semver v1.0.27
   Compiling anstyle-query v1.1.5
   Compiling schannel v0.1.29
   Compiling is_terminal_polyfill v1.70.2
   Compiling futures-timer v3.0.3
   Compiling fastnum v0.7.4
   Compiling ciborium-io v0.2.2
   Compiling colorchoice v1.0.5
   Compiling bytemuck v1.25.0
   Compiling fst v0.4.7
   Compiling ciborium-ll v0.2.2
   Compiling anstream v1.0.0
   Compiling roaring v0.11.3
   Compiling rstest v0.26.1
   Compiling cssparser v0.35.0
   Compiling axum v0.8.8
   Compiling hyper-timeout v0.5.2
   Compiling html5ever v0.35.0
   Compiling ndarray v0.17.2
   Compiling darling_macro v0.23.0
   Compiling simple_asn1 v0.6.4
